mobile1_1-1  | Error: HTTPConnectionPool(host='gateway1', port=8000): Max retries exceeded with url: / (Caused by NewConnectionError('<urllib3.connection.HTTPConnection object at 0x7f9c5f19c6b0>: Failed to establish a new connection: [Errno 111] Connection refused'))
mobile1_1-1  | Received response: <!DOCTYPE html>
mobile1_1-1  | <html>
mobile1_1-1  | <head>
mobile1_1-1  | <title>Welcome to nginx!</title>
mobile1_1-1  | <style>
mobile1_1-1  | html { color-scheme: light dark; }
mobile1_1-1  | body { width: 35em; margin: 0 auto;
mobile1_1-1  | font-family: Tahoma, Verdana, Arial, sans-serif; }
mobile1_1-1  | </style>
mobile1_1-1  | </head>
mobile1_1-1  | <body>
mobile1_1-1  | <h1>Welcome to nginx!</h1>
mobile1_1-1  | <p>If you see this page, the nginx web server is successfully installed and
mobile1_1-1  | working. Further configuration is required.</p>
mobile1_1-1  | 
mobile1_1-1  | <p>For online documentation and support please refer to
mobile1_1-1  | <a href="http://nginx.org/">nginx.org</a>.<br/>
mobile1_1-1  | Commercial support is available at
mobile1_1-1  | <a href="http://nginx.com/">nginx.com</a>.</p>
mobile1_1-1  | 
mobile1_1-1  | <p><em>Thank you for using nginx.</em></p>
mobile1_1-1  | </body>
mobile1_1-1  | </html>
mobile1_1-1  | 
mobile1_1-1  | Received response: <!DOCTYPE html>
mobile1_1-1  | <html>
mobile1_1-1  | <head>
mobile1_1-1  | <title>Welcome to nginx!</title>
mobile1_1-1  | <style>
mobile1_1-1  | html { color-scheme: light dark; }
mobile1_1-1  | body { width: 35em; margin: 0 auto;
mobile1_1-1  | font-family: Tahoma, Verdana, Arial, sans-serif; }
mobile1_1-1  | </style>
mobile1_1-1  | </head>
mobile1_1-1  | <body>
mobile1_1-1  | <h1>Welcome to nginx!</h1>
mobile1_1-1  | <p>If you see this page, the nginx web server is successfully installed and
mobile1_1-1  | working. Further configuration is required.</p>
mobile1_1-1  | 
mobile1_1-1  | <p>For online documentation and support please refer to
mobile1_1-1  | <a href="http://nginx.org/">nginx.org</a>.<br/>
mobile1_1-1  | Commercial support is available at
mobile1_1-1  | <a href="http://nginx.com/">nginx.com</a>.</p>
mobile1_1-1  | 
mobile1_1-1  | <p><em>Thank you for using nginx.</em></p>
mobile1_1-1  | </body>
mobile1_1-1  | </html>
mobile1_1-1  | 
mobile1_1-1  | Received response: <!DOCTYPE html>
mobile1_1-1  | <html>
mobile1_1-1  | <head>
mobile1_1-1  | <title>Welcome to nginx!</title>
mobile1_1-1  | <style>
mobile1_1-1  | html { color-scheme: light dark; }
mobile1_1-1  | body { width: 35em; margin: 0 auto;
mobile1_1-1  | font-family: Tahoma, Verdana, Arial, sans-serif; }
mobile1_1-1  | </style>
mobile1_1-1  | </head>
mobile1_1-1  | <body>
mobile1_1-1  | <h1>Welcome to nginx!</h1>
mobile1_1-1  | <p>If you see this page, the nginx web server is successfully installed and
mobile1_1-1  | working. Further configuration is required.</p>
mobile1_1-1  | 
mobile1_1-1  | <p>For online documentation and support please refer to
mobile1_1-1  | <a href="http://nginx.org/">nginx.org</a>.<br/>
mobile1_1-1  | Commercial support is available at
mobile1_1-1  | <a href="http://nginx.com/">nginx.com</a>.</p>
mobile1_1-1  | 
mobile1_1-1  | <p><em>Thank you for using nginx.</em></p>
mobile1_1-1  | </body>
mobile1_1-1  | </html>
mobile1_1-1  | 
mobile1_1-1  | Received response: <!DOCTYPE html>
mobile1_1-1  | <html>
mobile1_1-1  | <head>
mobile1_1-1  | <title>Welcome to nginx!</title>
mobile1_1-1  | <style>
mobile1_1-1  | html { color-scheme: light dark; }
mobile1_1-1  | body { width: 35em; margin: 0 auto;
mobile1_1-1  | font-family: Tahoma, Verdana, Arial, sans-serif; }
mobile1_1-1  | </style>
mobile1_1-1  | </head>
mobile1_1-1  | <body>
mobile1_1-1  | <h1>Welcome to nginx!</h1>
mobile1_1-1  | <p>If you see this page, the nginx web server is successfully installed and
mobile1_1-1  | working. Further configuration is required.</p>
mobile1_1-1  | 
mobile1_1-1  | <p>For online documentation and support please refer to
mobile1_1-1  | <a href="http://nginx.org/">nginx.org</a>.<br/>
mobile1_1-1  | Commercial support is available at
mobile1_1-1  | <a href="http://nginx.com/">nginx.com</a>.</p>
mobile1_1-1  | 
mobile1_1-1  | <p><em>Thank you for using nginx.</em></p>
mobile1_1-1  | </body>
mobile1_1-1  | </html>
mobile1_1-1  | 
mobile1_1-1  | Received response: <!DOCTYPE html>
mobile1_1-1  | <html>
mobile1_1-1  | <head>
mobile1_1-1  | <title>Welcome to nginx!</title>
mobile1_1-1  | <style>
mobile1_1-1  | html { color-scheme: light dark; }
mobile1_1-1  | body { width: 35em; margin: 0 auto;
mobile1_1-1  | font-family: Tahoma, Verdana, Arial, sans-serif; }
mobile1_1-1  | </style>
mobile1_1-1  | </head>
mobile1_1-1  | <body>
mobile1_1-1  | <h1>Welcome to nginx!</h1>
mobile1_1-1  | <p>If you see this page, the nginx web server is successfully installed and
mobile1_1-1  | working. Further configuration is required.</p>
mobile1_1-1  | 
mobile1_1-1  | <p>For online documentation and support please refer to
mobile1_1-1  | <a href="http://nginx.org/">nginx.org</a>.<br/>
mobile1_1-1  | Commercial support is available at
mobile1_1-1  | <a href="http://nginx.com/">nginx.com</a>.</p>
mobile1_1-1  | 
mobile1_1-1  | <p><em>Thank you for using nginx.</em></p>
mobile1_1-1  | </body>
mobile1_1-1  | </html>
mobile1_1-1  | 
mobile1_1-1  | Received response: <!DOCTYPE html>
mobile1_1-1  | <html>
mobile1_1-1  | <head>
mobile1_1-1  | <title>Welcome to nginx!</title>
mobile1_1-1  | <style>
mobile1_1-1  | html { color-scheme: light dark; }
mobile1_1-1  | body { width: 35em; margin: 0 auto;
mobile1_1-1  | font-family: Tahoma, Verdana, Arial, sans-serif; }
mobile1_1-1  | </style>
mobile1_1-1  | </head>
mobile1_1-1  | <body>
mobile1_1-1  | <h1>Welcome to nginx!</h1>
mobile1_1-1  | <p>If you see this page, the nginx web server is successfully installed and
mobile1_1-1  | working. Further configuration is required.</p>
mobile1_1-1  | 
mobile1_1-1  | <p>For online documentation and support please refer to
mobile1_1-1  | <a href="http://nginx.org/">nginx.org</a>.<br/>
mobile1_1-1  | Commercial support is available at
mobile1_1-1  | <a href="http://nginx.com/">nginx.com</a>.</p>
mobile1_1-1  | 
mobile1_1-1  | <p><em>Thank you for using nginx.</em></p>
mobile1_1-1  | </body>
mobile1_1-1  | </html>
mobile1_1-1  | 
mobile1_1-1  | Received response: <!DOCTYPE html>
mobile1_1-1  | <html>
mobile1_1-1  | <head>
mobile1_1-1  | <title>Welcome to nginx!</title>
mobile1_1-1  | <style>
mobile1_1-1  | html { color-scheme: light dark; }
mobile1_1-1  | body { width: 35em; margin: 0 auto;
mobile1_1-1  | font-family: Tahoma, Verdana, Arial, sans-serif; }
mobile1_1-1  | </style>
mobile1_1-1  | </head>
mobile1_1-1  | <body>
mobile1_1-1  | <h1>Welcome to nginx!</h1>
mobile1_1-1  | <p>If you see this page, the nginx web server is successfully installed and
mobile1_1-1  | working. Further configuration is required.</p>
mobile1_1-1  | 
mobile1_1-1  | <p>For online documentation and support please refer to
mobile1_1-1  | <a href="http://nginx.org/">nginx.org</a>.<br/>
mobile1_1-1  | Commercial support is available at
mobile1_1-1  | <a href="http://nginx.com/">nginx.com</a>.</p>
mobile1_1-1  | 
mobile1_1-1  | <p><em>Thank you for using nginx.</em></p>
mobile1_1-1  | </body>
mobile1_1-1  | </html>
mobile1_1-1  | 
mobile1_1-1  | Received response: <!DOCTYPE html>
mobile1_1-1  | <html>
mobile1_1-1  | <head>
mobile1_1-1  | <title>Welcome to nginx!</title>
mobile1_1-1  | <style>
mobile1_1-1  | html { color-scheme: light dark; }
mobile1_1-1  | body { width: 35em; margin: 0 auto;
mobile1_1-1  | font-family: Tahoma, Verdana, Arial, sans-serif; }
mobile1_1-1  | </style>
mobile1_1-1  | </head>
mobile1_1-1  | <body>
mobile1_1-1  | <h1>Welcome to nginx!</h1>
mobile1_1-1  | <p>If you see this page, the nginx web server is successfully installed and
mobile1_1-1  | working. Further configuration is required.</p>
mobile1_1-1  | 
mobile1_1-1  | <p>For online documentation and support please refer to
mobile1_1-1  | <a href="http://nginx.org/">nginx.org</a>.<br/>
mobile1_1-1  | Commercial support is available at
mobile1_1-1  | <a href="http://nginx.com/">nginx.com</a>.</p>
mobile1_1-1  | 
mobile1_1-1  | <p><em>Thank you for using nginx.</em></p>
mobile1_1-1  | </body>
mobile1_1-1  | </html>
mobile1_1-1  | 
mobile1_1-1  | Received response: <!DOCTYPE html>
mobile1_1-1  | <html>
mobile1_1-1  | <head>
mobile1_1-1  | <title>Welcome to nginx!</title>
mobile1_1-1  | <style>
mobile1_1-1  | html { color-scheme: light dark; }
mobile1_1-1  | body { width: 35em; margin: 0 auto;
mobile1_1-1  | font-family: Tahoma, Verdana, Arial, sans-serif; }
mobile1_1-1  | </style>
mobile1_1-1  | </head>
mobile1_1-1  | <body>
mobile1_1-1  | <h1>Welcome to nginx!</h1>
mobile1_1-1  | <p>If you see this page, the nginx web server is successfully installed and
mobile1_1-1  | working. Further configuration is required.</p>
mobile1_1-1  | 
mobile1_1-1  | <p>For online documentation and support please refer to
mobile1_1-1  | <a href="http://nginx.org/">nginx.org</a>.<br/>
mobile1_1-1  | Commercial support is available at
mobile1_1-1  | <a href="http://nginx.com/">nginx.com</a>.</p>
mobile1_1-1  | 
mobile1_1-1  | <p><em>Thank you for using nginx.</em></p>
mobile1_1-1  | </body>
mobile1_1-1  | </html>
mobile1_1-1  | 
mobile1_1-1  | Received response: <!DOCTYPE html>
mobile1_1-1  | <html>
mobile1_1-1  | <head>
mobile1_1-1  | <title>Welcome to nginx!</title>
mobile1_1-1  | <style>
mobile1_1-1  | html { color-scheme: light dark; }
mobile1_1-1  | body { width: 35em; margin: 0 auto;
mobile1_1-1  | font-family: Tahoma, Verdana, Arial, sans-serif; }
mobile1_1-1  | </style>
mobile1_1-1  | </head>
mobile1_1-1  | <body>
mobile1_1-1  | <h1>Welcome to nginx!</h1>
mobile1_1-1  | <p>If you see this page, the nginx web server is successfully installed and
mobile1_1-1  | working. Further configuration is required.</p>
mobile1_1-1  | 
mobile1_1-1  | <p>For online documentation and support please refer to
mobile1_1-1  | <a href="http://nginx.org/">nginx.org</a>.<br/>
mobile1_1-1  | Commercial support is available at
mobile1_1-1  | <a href="http://nginx.com/">nginx.com</a>.</p>
mobile1_1-1  | 
mobile1_1-1  | <p><em>Thank you for using nginx.</em></p>
mobile1_1-1  | </body>
mobile1_1-1  | </html>
mobile1_1-1  | 
mobile1_1-1  | Received response: <!DOCTYPE html>
mobile1_1-1  | <html>
mobile1_1-1  | <head>
mobile1_1-1  | <title>Welcome to nginx!</title>
mobile1_1-1  | <style>
mobile1_1-1  | html { color-scheme: light dark; }
mobile1_1-1  | body { width: 35em; margin: 0 auto;
mobile1_1-1  | font-family: Tahoma, Verdana, Arial, sans-serif; }
mobile1_1-1  | </style>
mobile1_1-1  | </head>
mobile1_1-1  | <body>
mobile1_1-1  | <h1>Welcome to nginx!</h1>
mobile1_1-1  | <p>If you see this page, the nginx web server is successfully installed and
mobile1_1-1  | working. Further configuration is required.</p>
mobile1_1-1  | 
mobile1_1-1  | <p>For online documentation and support please refer to
mobile1_1-1  | <a href="http://nginx.org/">nginx.org</a>.<br/>
mobile1_1-1  | Commercial support is available at
mobile1_1-1  | <a href="http://nginx.com/">nginx.com</a>.</p>
mobile1_1-1  | 
mobile1_1-1  | <p><em>Thank you for using nginx.</em></p>
mobile1_1-1  | </body>
mobile1_1-1  | </html>
mobile1_1-1  | 
mobile1_1-1  | Received response: <!DOCTYPE html>
mobile1_1-1  | <html>
mobile1_1-1  | <head>
mobile1_1-1  | <title>Welcome to nginx!</title>
mobile1_1-1  | <style>
mobile1_1-1  | html { color-scheme: light dark; }
mobile1_1-1  | body { width: 35em; margin: 0 auto;
mobile1_1-1  | font-family: Tahoma, Verdana, Arial, sans-serif; }
mobile1_1-1  | </style>
mobile1_1-1  | </head>
mobile1_1-1  | <body>
mobile1_1-1  | <h1>Welcome to nginx!</h1>
mobile1_1-1  | <p>If you see this page, the nginx web server is successfully installed and
mobile1_1-1  | working. Further configuration is required.</p>
mobile1_1-1  | 
mobile1_1-1  | <p>For online documentation and support please refer to
mobile1_1-1  | <a href="http://nginx.org/">nginx.org</a>.<br/>
mobile1_1-1  | Commercial support is available at
mobile1_1-1  | <a href="http://nginx.com/">nginx.com</a>.</p>
mobile1_1-1  | 
mobile1_1-1  | <p><em>Thank you for using nginx.</em></p>
mobile1_1-1  | </body>
mobile1_1-1  | </html>
mobile1_1-1  | 
mobile1_1-1  | Received response: <!DOCTYPE html>
mobile1_1-1  | <html>
mobile1_1-1  | <head>
mobile1_1-1  | <title>Welcome to nginx!</title>
mobile1_1-1  | <style>
mobile1_1-1  | html { color-scheme: light dark; }
mobile1_1-1  | body { width: 35em; margin: 0 auto;
mobile1_1-1  | font-family: Tahoma, Verdana, Arial, sans-serif; }
mobile1_1-1  | </style>
mobile1_1-1  | </head>
mobile1_1-1  | <body>
mobile1_1-1  | <h1>Welcome to nginx!</h1>
mobile1_1-1  | <p>If you see this page, the nginx web server is successfully installed and
mobile1_1-1  | working. Further configuration is required.</p>
mobile1_1-1  | 
mobile1_1-1  | <p>For online documentation and support please refer to
mobile1_1-1  | <a href="http://nginx.org/">nginx.org</a>.<br/>
mobile1_1-1  | Commercial support is available at
mobile1_1-1  | <a href="http://nginx.com/">nginx.com</a>.</p>
mobile1_1-1  | 
mobile1_1-1  | <p><em>Thank you for using nginx.</em></p>
mobile1_1-1  | </body>
mobile1_1-1  | </html>
mobile1_1-1  | 
mobile1_1-1  | Received response: <!DOCTYPE html>
mobile1_1-1  | <html>
mobile1_1-1  | <head>
mobile1_1-1  | <title>Welcome to nginx!</title>
mobile1_1-1  | <style>
mobile1_1-1  | html { color-scheme: light dark; }
mobile1_1-1  | body { width: 35em; margin: 0 auto;
mobile1_1-1  | font-family: Tahoma, Verdana, Arial, sans-serif; }
mobile1_1-1  | </style>
mobile1_1-1  | </head>
mobile1_1-1  | <body>
mobile1_1-1  | <h1>Welcome to nginx!</h1>
mobile1_1-1  | <p>If you see this page, the nginx web server is successfully installed and
mobile1_1-1  | working. Further configuration is required.</p>
mobile1_1-1  | 
mobile1_1-1  | <p>For online documentation and support please refer to
mobile1_1-1  | <a href="http://nginx.org/">nginx.org</a>.<br/>
mobile1_1-1  | Commercial support is available at
mobile1_1-1  | <a href="http://nginx.com/">nginx.com</a>.</p>
mobile1_1-1  | 
mobile1_1-1  | <p><em>Thank you for using nginx.</em></p>
mobile1_1-1  | </body>
mobile1_1-1  | </html>
mobile1_1-1  | 
mobile1_1-1  | Received response: <!DOCTYPE html>
mobile1_1-1  | <html>
mobile1_1-1  | <head>
mobile1_1-1  | <title>Welcome to nginx!</title>
mobile1_1-1  | <style>
mobile1_1-1  | html { color-scheme: light dark; }
mobile1_1-1  | body { width: 35em; margin: 0 auto;
mobile1_1-1  | font-family: Tahoma, Verdana, Arial, sans-serif; }
mobile1_1-1  | </style>
mobile1_1-1  | </head>
mobile1_1-1  | <body>
mobile1_1-1  | <h1>Welcome to nginx!</h1>
mobile1_1-1  | <p>If you see this page, the nginx web server is successfully installed and
mobile1_1-1  | working. Further configuration is required.</p>
mobile1_1-1  | 
mobile1_1-1  | <p>For online documentation and support please refer to
mobile1_1-1  | <a href="http://nginx.org/">nginx.org</a>.<br/>
mobile1_1-1  | Commercial support is available at
mobile1_1-1  | <a href="http://nginx.com/">nginx.com</a>.</p>
mobile1_1-1  | 
mobile1_1-1  | <p><em>Thank you for using nginx.</em></p>
mobile1_1-1  | </body>
mobile1_1-1  | </html>
mobile1_1-1  | 
mobile1_1-1  | Received response: <!DOCTYPE html>
mobile1_1-1  | <html>
mobile1_1-1  | <head>
mobile1_1-1  | <title>Welcome to nginx!</title>
mobile1_1-1  | <style>
mobile1_1-1  | html { color-scheme: light dark; }
mobile1_1-1  | body { width: 35em; margin: 0 auto;
mobile1_1-1  | font-family: Tahoma, Verdana, Arial, sans-serif; }
mobile1_1-1  | </style>
mobile1_1-1  | </head>
mobile1_1-1  | <body>
mobile1_1-1  | <h1>Welcome to nginx!</h1>
mobile1_1-1  | <p>If you see this page, the nginx web server is successfully installed and
mobile1_1-1  | working. Further configuration is required.</p>
mobile1_1-1  | 
mobile1_1-1  | <p>For online documentation and support please refer to
mobile1_1-1  | <a href="http://nginx.org/">nginx.org</a>.<br/>
mobile1_1-1  | Commercial support is available at
mobile1_1-1  | <a href="http://nginx.com/">nginx.com</a>.</p>
mobile1_1-1  | 
mobile1_1-1  | <p><em>Thank you for using nginx.</em></p>
mobile1_1-1  | </body>
mobile1_1-1  | </html>
mobile1_1-1  | 
mobile1_1-1  | Received response: <!DOCTYPE html>
mobile1_1-1  | <html>
mobile1_1-1  | <head>
mobile1_1-1  | <title>Welcome to nginx!</title>
mobile1_1-1  | <style>
mobile1_1-1  | html { color-scheme: light dark; }
mobile1_1-1  | body { width: 35em; margin: 0 auto;
mobile1_1-1  | font-family: Tahoma, Verdana, Arial, sans-serif; }
mobile1_1-1  | </style>
mobile1_1-1  | </head>
mobile1_1-1  | <body>
mobile1_1-1  | <h1>Welcome to nginx!</h1>
mobile1_1-1  | <p>If you see this page, the nginx web server is successfully installed and
mobile1_1-1  | working. Further configuration is required.</p>
mobile1_1-1  | 
mobile1_1-1  | <p>For online documentation and support please refer to
mobile1_1-1  | <a href="http://nginx.org/">nginx.org</a>.<br/>
mobile1_1-1  | Commercial support is available at
mobile1_1-1  | <a href="http://nginx.com/">nginx.com</a>.</p>
mobile1_1-1  | 
mobile1_1-1  | <p><em>Thank you for using nginx.</em></p>
mobile1_1-1  | </body>
mobile1_1-1  | </html>
mobile1_1-1  | 
mobile1_1-1  | Received response: <!DOCTYPE html>
mobile1_1-1  | <html>
mobile1_1-1  | <head>
mobile1_1-1  | <title>Welcome to nginx!</title>
mobile1_1-1  | <style>
mobile1_1-1  | html { color-scheme: light dark; }
mobile1_1-1  | body { width: 35em; margin: 0 auto;
mobile1_1-1  | font-family: Tahoma, Verdana, Arial, sans-serif; }
mobile1_1-1  | </style>
mobile1_1-1  | </head>
mobile1_1-1  | <body>
mobile1_1-1  | <h1>Welcome to nginx!</h1>
mobile1_1-1  | <p>If you see this page, the nginx web server is successfully installed and
mobile1_1-1  | working. Further configuration is required.</p>
mobile1_1-1  | 
mobile1_1-1  | <p>For online documentation and support please refer to
mobile1_1-1  | <a href="http://nginx.org/">nginx.org</a>.<br/>
mobile1_1-1  | Commercial support is available at
mobile1_1-1  | <a href="http://nginx.com/">nginx.com</a>.</p>
mobile1_1-1  | 
mobile1_1-1  | <p><em>Thank you for using nginx.</em></p>
mobile1_1-1  | </body>
mobile1_1-1  | </html>
mobile1_1-1  | 
mobile1_1-1  | Received response: <!DOCTYPE html>
mobile1_1-1  | <html>
mobile1_1-1  | <head>
mobile1_1-1  | <title>Welcome to nginx!</title>
mobile1_1-1  | <style>
mobile1_1-1  | html { color-scheme: light dark; }
mobile1_1-1  | body { width: 35em; margin: 0 auto;
mobile1_1-1  | font-family: Tahoma, Verdana, Arial, sans-serif; }
mobile1_1-1  | </style>
mobile1_1-1  | </head>
mobile1_1-1  | <body>
mobile1_1-1  | <h1>Welcome to nginx!</h1>
mobile1_1-1  | <p>If you see this page, the nginx web server is successfully installed and
mobile1_1-1  | working. Further configuration is required.</p>
mobile1_1-1  | 
mobile1_1-1  | <p>For online documentation and support please refer to
mobile1_1-1  | <a href="http://nginx.org/">nginx.org</a>.<br/>
mobile1_1-1  | Commercial support is available at
mobile1_1-1  | <a href="http://nginx.com/">nginx.com</a>.</p>
mobile1_1-1  | 
mobile1_1-1  | <p><em>Thank you for using nginx.</em></p>
mobile1_1-1  | </body>
mobile1_1-1  | </html>
mobile1_1-1  | 
mobile1_1-1  | Received response: <!DOCTYPE html>
mobile1_1-1  | <html>
mobile1_1-1  | <head>
mobile1_1-1  | <title>Welcome to nginx!</title>
mobile1_1-1  | <style>
mobile1_1-1  | html { color-scheme: light dark; }
mobile1_1-1  | body { width: 35em; margin: 0 auto;
mobile1_1-1  | font-family: Tahoma, Verdana, Arial, sans-serif; }
mobile1_1-1  | </style>
mobile1_1-1  | </head>
mobile1_1-1  | <body>
mobile1_1-1  | <h1>Welcome to nginx!</h1>
mobile1_1-1  | <p>If you see this page, the nginx web server is successfully installed and
mobile1_1-1  | working. Further configuration is required.</p>
mobile1_1-1  | 
mobile1_1-1  | <p>For online documentation and support please refer to
mobile1_1-1  | <a href="http://nginx.org/">nginx.org</a>.<br/>
mobile1_1-1  | Commercial support is available at
mobile1_1-1  | <a href="http://nginx.com/">nginx.com</a>.</p>
mobile1_1-1  | 
mobile1_1-1  | <p><em>Thank you for using nginx.</em></p>
mobile1_1-1  | </body>
mobile1_1-1  | </html>
mobile1_1-1  | 
mobile1_1-1  | Received response: <!DOCTYPE html>
mobile1_1-1  | <html>
mobile1_1-1  | <head>
mobile1_1-1  | <title>Welcome to nginx!</title>
mobile1_1-1  | <style>
mobile1_1-1  | html { color-scheme: light dark; }
mobile1_1-1  | body { width: 35em; margin: 0 auto;
mobile1_1-1  | font-family: Tahoma, Verdana, Arial, sans-serif; }
mobile1_1-1  | </style>
mobile1_1-1  | </head>
mobile1_1-1  | <body>
mobile1_1-1  | <h1>Welcome to nginx!</h1>
mobile1_1-1  | <p>If you see this page, the nginx web server is successfully installed and
mobile1_1-1  | working. Further configuration is required.</p>
mobile1_1-1  | 
mobile1_1-1  | <p>For online documentation and support please refer to
mobile1_1-1  | <a href="http://nginx.org/">nginx.org</a>.<br/>
mobile1_1-1  | Commercial support is available at
mobile1_1-1  | <a href="http://nginx.com/">nginx.com</a>.</p>
mobile1_1-1  | 
mobile1_1-1  | <p><em>Thank you for using nginx.</em></p>
mobile1_1-1  | </body>
mobile1_1-1  | </html>
mobile1_1-1  | 
mobile1_1-1  | Received response: <!DOCTYPE html>
mobile1_1-1  | <html>
mobile1_1-1  | <head>
mobile1_1-1  | <title>Welcome to nginx!</title>
mobile1_1-1  | <style>
mobile1_1-1  | html { color-scheme: light dark; }
mobile1_1-1  | body { width: 35em; margin: 0 auto;
mobile1_1-1  | font-family: Tahoma, Verdana, Arial, sans-serif; }
mobile1_1-1  | </style>
mobile1_1-1  | </head>
mobile1_1-1  | <body>
mobile1_1-1  | <h1>Welcome to nginx!</h1>
mobile1_1-1  | <p>If you see this page, the nginx web server is successfully installed and
mobile1_1-1  | working. Further configuration is required.</p>
mobile1_1-1  | 
mobile1_1-1  | <p>For online documentation and support please refer to
mobile1_1-1  | <a href="http://nginx.org/">nginx.org</a>.<br/>
mobile1_1-1  | Commercial support is available at
mobile1_1-1  | <a href="http://nginx.com/">nginx.com</a>.</p>
mobile1_1-1  | 
mobile1_1-1  | <p><em>Thank you for using nginx.</em></p>
mobile1_1-1  | </body>
mobile1_1-1  | </html>
mobile1_1-1  | 
mobile1_1-1  | Received response: <!DOCTYPE html>
mobile1_1-1  | <html>
mobile1_1-1  | <head>
mobile1_1-1  | <title>Welcome to nginx!</title>
mobile1_1-1  | <style>
mobile1_1-1  | html { color-scheme: light dark; }
mobile1_1-1  | body { width: 35em; margin: 0 auto;
mobile1_1-1  | font-family: Tahoma, Verdana, Arial, sans-serif; }
mobile1_1-1  | </style>
mobile1_1-1  | </head>
mobile1_1-1  | <body>
mobile1_1-1  | <h1>Welcome to nginx!</h1>
mobile1_1-1  | <p>If you see this page, the nginx web server is successfully installed and
mobile1_1-1  | working. Further configuration is required.</p>
mobile1_1-1  | 
mobile1_1-1  | <p>For online documentation and support please refer to
mobile1_1-1  | <a href="http://nginx.org/">nginx.org</a>.<br/>
mobile1_1-1  | Commercial support is available at
mobile1_1-1  | <a href="http://nginx.com/">nginx.com</a>.</p>
mobile1_1-1  | 
mobile1_1-1  | <p><em>Thank you for using nginx.</em></p>
mobile1_1-1  | </body>
mobile1_1-1  | </html>
mobile1_1-1  | 
mobile1_1-1  | Received response: <!DOCTYPE html>
mobile1_1-1  | <html>
mobile1_1-1  | <head>
mobile1_1-1  | <title>Welcome to nginx!</title>
mobile1_1-1  | <style>
mobile1_1-1  | html { color-scheme: light dark; }
mobile1_1-1  | body { width: 35em; margin: 0 auto;
mobile1_1-1  | font-family: Tahoma, Verdana, Arial, sans-serif; }
mobile1_1-1  | </style>
mobile1_1-1  | </head>
mobile1_1-1  | <body>
mobile1_1-1  | <h1>Welcome to nginx!</h1>
mobile1_1-1  | <p>If you see this page, the nginx web server is successfully installed and
mobile1_1-1  | working. Further configuration is required.</p>
mobile1_1-1  | 
mobile1_1-1  | <p>For online documentation and support please refer to
mobile1_1-1  | <a href="http://nginx.org/">nginx.org</a>.<br/>
mobile1_1-1  | Commercial support is available at
mobile1_1-1  | <a href="http://nginx.com/">nginx.com</a>.</p>
mobile1_1-1  | 
mobile1_1-1  | <p><em>Thank you for using nginx.</em></p>
mobile1_1-1  | </body>
mobile1_1-1  | </html>
mobile1_1-1  | 
mobile1_1-1  | Received response: <!DOCTYPE html>
mobile1_1-1  | <html>
mobile1_1-1  | <head>
mobile1_1-1  | <title>Welcome to nginx!</title>
mobile1_1-1  | <style>
mobile1_1-1  | html { color-scheme: light dark; }
mobile1_1-1  | body { width: 35em; margin: 0 auto;
mobile1_1-1  | font-family: Tahoma, Verdana, Arial, sans-serif; }
mobile1_1-1  | </style>
mobile1_1-1  | </head>
mobile1_1-1  | <body>
mobile1_1-1  | <h1>Welcome to nginx!</h1>
mobile1_1-1  | <p>If you see this page, the nginx web server is successfully installed and
mobile1_1-1  | working. Further configuration is required.</p>
mobile1_1-1  | 
mobile1_1-1  | <p>For online documentation and support please refer to
mobile1_1-1  | <a href="http://nginx.org/">nginx.org</a>.<br/>
mobile1_1-1  | Commercial support is available at
mobile1_1-1  | <a href="http://nginx.com/">nginx.com</a>.</p>
mobile1_1-1  | 
mobile1_1-1  | <p><em>Thank you for using nginx.</em></p>
mobile1_1-1  | </body>
mobile1_1-1  | </html>
mobile1_1-1  | 
mobile1_1-1  | Received response: <!DOCTYPE html>
mobile1_1-1  | <html>
mobile1_1-1  | <head>
mobile1_1-1  | <title>Welcome to nginx!</title>
mobile1_1-1  | <style>
mobile1_1-1  | html { color-scheme: light dark; }
mobile1_1-1  | body { width: 35em; margin: 0 auto;
mobile1_1-1  | font-family: Tahoma, Verdana, Arial, sans-serif; }
mobile1_1-1  | </style>
mobile1_1-1  | </head>
mobile1_1-1  | <body>
mobile1_1-1  | <h1>Welcome to nginx!</h1>
mobile1_1-1  | <p>If you see this page, the nginx web server is successfully installed and
mobile1_1-1  | working. Further configuration is required.</p>
mobile1_1-1  | 
mobile1_1-1  | <p>For online documentation and support please refer to
mobile1_1-1  | <a href="http://nginx.org/">nginx.org</a>.<br/>
mobile1_1-1  | Commercial support is available at
mobile1_1-1  | <a href="http://nginx.com/">nginx.com</a>.</p>
mobile1_1-1  | 
mobile1_1-1  | <p><em>Thank you for using nginx.</em></p>
mobile1_1-1  | </body>
mobile1_1-1  | </html>
